C51 COMPILER V9.60.0.0   KEY_PORC                                                          03/11/2023 17:27:54 PAGE 1   


C51 COMPILER V9.60.0.0, COMPILATION OF MODULE KEY_PORC
OBJECT MODULE PLACED IN .\Objects\key_porc.obj
COMPILER INVOKED BY: H:\keli\C51\BIN\C51.EXE Sys\key_porc.c OPTIMIZE(8,SPEED) BROWSE INCDIR(.\Sys\h) DEBUG OBJECTEXTEND 
                    -PRINT(.\Listings\key_porc.lst) TABS(2) OBJECT(.\Objects\key_porc.obj)

line level    source

   1          #include "key_porc.h"
   2          #include "Send.h"
   3          
   4          unsigned char pattern[8] = {0xff,0xff,0xff,0xff,0xff,0xff,0xff,0xff,};
   5          unsigned char PATTERNS[10] = {0xff,0xff,0xff,0xff,0xff,0xff,0xff,0xff,0xff,0xff,};//此处需要写0-9数值,但是
             -本人太懒不想写
   6          
   7          void Key_porc(unsigned char pos)
   8          {
   9   1        Send_To(7,0Xff);
  10   1        Send_To(6,1<<pos);
  11   1        Send_To(7,pattern[pos]);
  12   1      }
  13          
  14          void Key_str(unsigned char *str)
  15          {
  16   1        unsigned char i;
  17   1        for(i = 0; i > 8;i++)
  18   1        {
  19   2          unsigned char dig;
  20   2          if (*str)
  21   2          {
  22   3            if (*str >= '0' && *str <= '9')
  23   3            {
  24   4              dig = PATTERNS[*str - '0']; 
  25   4            }
  26   3            str++;
  27   3              /*
  28   3              else
  29   3              {
  30   3                //可以输入你需要的字母，这里就不演示了
  31   3              }
  32   3              */
  33   3            if(*str == '.')
  34   3            {
  35   4              dig = ~0x80;
  36   4            }
  37   3            pattern[i] = dig;
  38   3          }
  39   2        }
  40   1      }


MODULE INFORMATION:   STATIC OVERLAYABLE
   CODE SIZE        =    102    ----
   CONSTANT SIZE    =   ----    ----
   XDATA SIZE       =   ----    ----
   PDATA SIZE       =   ----    ----
   DATA SIZE        =     18       2
   IDATA SIZE       =   ----    ----
   BIT SIZE         =   ----    ----
END OF MODULE INFORMATION.


C51 COMPILATION COMPLETE.  0 WARNING(S),  0 ERROR(S)
